------ Arguments passed to plugin
# Path: "test/cli/subprocess-plugin/permute.rb//plugin-generated|0.rbi":
class CMS;
"--class"
"CMS"
"--method"
"hook"
"--source"
"hook 1, 'cms'"
end;
# Path: "test/cli/subprocess-plugin/permute.rb//plugin-generated|1.rbi":
class CMS;
"--class"
"CMS"
"--method"
"hook"
"--source"
"hook 5"
end;
# Path: "test/cli/subprocess-plugin/permute.rb//plugin-generated|10.rbi":
module MCS;
"--class"
"MCS"
"--method"
"hook"
"--source"
"hook 1"
end;
# Path: "test/cli/subprocess-plugin/permute.rb//plugin-generated|11.rbi":
module MCS;
"--class"
"MCS"
"--method"
"hook"
"--source"
"hook(5) do |mcs|\n    # very involved code here\n    # comment should be sent to subprocess\n  end"
end;
# Path: "test/cli/subprocess-plugin/permute.rb//plugin-generated|12.rbi":
module MCS;class C;
"--class"
"C"
"--method"
"hook"
"--source"
"hook 2"
end;end;
# Path: "test/cli/subprocess-plugin/permute.rb//plugin-generated|13.rbi":
module MCS;class C;
"--class"
"C"
"--method"
"hook"
"--source"
"hook 4"
end;end;
# Path: "test/cli/subprocess-plugin/permute.rb//plugin-generated|14.rbi":
module MCS;class C;class << self;
"--class"
"self"
"--method"
"hook"
"--source"
"hook 3"
end;end;end;
# Path: "test/cli/subprocess-plugin/permute.rb//plugin-generated|15.rbi":
module MSC;
"--class"
"MSC"
"--method"
"hook"
"--source"
"hook 1"
end;
# Path: "test/cli/subprocess-plugin/permute.rb//plugin-generated|16.rbi":
module MSC;
"--class"
"MSC"
"--method"
"hook"
"--source"
"hook 5"
end;
# Path: "test/cli/subprocess-plugin/permute.rb//plugin-generated|17.rbi":
module MSC;class << self;
"--class"
"self"
"--method"
"hook"
"--source"
"hook 2"
end;end;
# Path: "test/cli/subprocess-plugin/permute.rb//plugin-generated|18.rbi":
module MSC;class << self;
"--class"
"self"
"--method"
"hook"
"--source"
"hook 4"
end;end;
# Path: "test/cli/subprocess-plugin/permute.rb//plugin-generated|19.rbi":
module MSC;class << self;class C;
"--class"
"C"
"--method"
"hook"
"--source"
"hook 3"
end;end;end;
# Path: "test/cli/subprocess-plugin/permute.rb//plugin-generated|2.rbi":
class CMS;module M;
"--class"
"M"
"--method"
"hook"
"--source"
"hook 2"
end;end;
# Path: "test/cli/subprocess-plugin/permute.rb//plugin-generated|20.rbi":
class << self;
"--class"
"self"
"--method"
"hook"
"--source"
"hook 1"
end;
# Path: "test/cli/subprocess-plugin/permute.rb//plugin-generated|21.rbi":
class << self;
"--class"
"self"
"--method"
"hook"
"--source"
"hook 5"
end;
# Path: "test/cli/subprocess-plugin/permute.rb//plugin-generated|22.rbi":
class << self;module M;
"--class"
"M"
"--method"
"hook"
"--source"
"hook 2"
end;end;
# Path: "test/cli/subprocess-plugin/permute.rb//plugin-generated|23.rbi":
class << self;module M;
"--class"
"M"
"--method"
"hook"
"--source"
"hook 4"
end;end;
# Path: "test/cli/subprocess-plugin/permute.rb//plugin-generated|24.rbi":
class << self;module M;class C;
"--class"
"C"
"--method"
"hook"
"--source"
"hook 3"
end;end;end;
# Path: "test/cli/subprocess-plugin/permute.rb//plugin-generated|25.rbi":
class << self;
"--class"
"self"
"--method"
"hook"
"--source"
"hook 1"
end;
# Path: "test/cli/subprocess-plugin/permute.rb//plugin-generated|26.rbi":
class << self;
"--class"
"self"
"--method"
"hook"
"--source"
"hook 5"
end;
# Path: "test/cli/subprocess-plugin/permute.rb//plugin-generated|27.rbi":
class << self;module M;
"--class"
"M"
"--method"
"hook"
"--source"
"hook 2"
end;end;
# Path: "test/cli/subprocess-plugin/permute.rb//plugin-generated|28.rbi":
class << self;module M;
"--class"
"M"
"--method"
"hook"
"--source"
"hook 4"
end;end;
# Path: "test/cli/subprocess-plugin/permute.rb//plugin-generated|29.rbi":
class << self;module M;class C;
"--class"
"C"
"--method"
"hook"
"--source"
"hook 3"
end;end;end;
# Path: "test/cli/subprocess-plugin/permute.rb//plugin-generated|3.rbi":
class CMS;module M;
"--class"
"M"
"--method"
"hook"
"--source"
"hook 4"
end;end;
# Path: "test/cli/subprocess-plugin/permute.rb//plugin-generated|30.rbi":
class NestedReopen;class MCS::C;
"--class"
"MCS::C"
"--method"
"hook"
"--source"
"hook 'no ::'"
end;end;
# Path: "test/cli/subprocess-plugin/permute.rb//plugin-generated|31.rbi":
class NestedReopen;class ::MCS::C;
"--class"
"::MCS::C"
"--method"
"hook"
"--source"
"hook \"nested with :: prefix\""
end;end;
# Path: "test/cli/subprocess-plugin/permute.rb//plugin-generated|32.rbi":
module CMS::M;
"--class"
"CMS::M"
"--method"
"hook"
"--source"
"hook \"CMS::M at top level\""
end;
# Path: "test/cli/subprocess-plugin/permute.rb//plugin-generated|33.rbi":
module CMS::M;class ::MCS::C;
"--class"
"::MCS::C"
"--method"
"hook"
"--source"
"hook \"nested with :: prefix\""
end;end;
# Path: "test/cli/subprocess-plugin/permute.rb//plugin-generated|34.rbi":
module ::CMS::M;
"--class"
"::CMS::M"
"--method"
"hook"
"--source"
"hook \"::CMS::M at top level\""
end;
# Path: "test/cli/subprocess-plugin/permute.rb//plugin-generated|35.rbi":
module ::CMS::M;class C;
"--class"
"C"
"--method"
"hook"
"--source"
"hook 'nested C'"
end;end;
# Path: "test/cli/subprocess-plugin/permute.rb//plugin-generated|4.rbi":
class CMS;module M;class << self;
"--class"
"self"
"--method"
"hook"
"--source"
"hook 3"
end;end;end;
# Path: "test/cli/subprocess-plugin/permute.rb//plugin-generated|5.rbi":
class CSM;
"--class"
"CSM"
"--method"
"hook"
"--source"
"hook 1, \"CSM\""
end;
# Path: "test/cli/subprocess-plugin/permute.rb//plugin-generated|6.rbi":
class CSM;
"--class"
"CSM"
"--method"
"hook"
"--source"
"hook 5"
end;
# Path: "test/cli/subprocess-plugin/permute.rb//plugin-generated|7.rbi":
class CSM;class << self;
"--class"
"self"
"--method"
"hook"
"--source"
"hook 2"
end;end;
# Path: "test/cli/subprocess-plugin/permute.rb//plugin-generated|8.rbi":
class CSM;class << self;
"--class"
"self"
"--method"
"hook"
"--source"
"hook 4"
end;end;
# Path: "test/cli/subprocess-plugin/permute.rb//plugin-generated|9.rbi":
class CSM;class << self;module M;
"--class"
"M"
"--method"
"hook"
"--source"
"hook 3"
end;end;end;
------ Extra arguments for Ruby
# Path: "test/cli/subprocess-plugin/permute.rb//plugin-generated|0.rbi":
class CMS;
'Gem is not defined'
'DidYouMean is not defined'
end;
# Path: "test/cli/subprocess-plugin/permute.rb//plugin-generated|1.rbi":
class CMS;
'Gem is not defined'
'DidYouMean is not defined'
end;
# Path: "test/cli/subprocess-plugin/permute.rb//plugin-generated|10.rbi":
module MCS;
'Gem is not defined'
'DidYouMean is not defined'
end;
# Path: "test/cli/subprocess-plugin/permute.rb//plugin-generated|11.rbi":
module MCS;
'Gem is not defined'
'DidYouMean is not defined'
end;
# Path: "test/cli/subprocess-plugin/permute.rb//plugin-generated|12.rbi":
module MCS;class C;
'Gem is not defined'
'DidYouMean is not defined'
end;end;
# Path: "test/cli/subprocess-plugin/permute.rb//plugin-generated|13.rbi":
module MCS;class C;
'Gem is not defined'
'DidYouMean is not defined'
end;end;
# Path: "test/cli/subprocess-plugin/permute.rb//plugin-generated|14.rbi":
module MCS;class C;class << self;
'Gem is not defined'
'DidYouMean is not defined'
end;end;end;
# Path: "test/cli/subprocess-plugin/permute.rb//plugin-generated|15.rbi":
module MSC;
'Gem is not defined'
'DidYouMean is not defined'
end;
# Path: "test/cli/subprocess-plugin/permute.rb//plugin-generated|16.rbi":
module MSC;
'Gem is not defined'
'DidYouMean is not defined'
end;
# Path: "test/cli/subprocess-plugin/permute.rb//plugin-generated|17.rbi":
module MSC;class << self;
'Gem is not defined'
'DidYouMean is not defined'
end;end;
# Path: "test/cli/subprocess-plugin/permute.rb//plugin-generated|18.rbi":
module MSC;class << self;
'Gem is not defined'
'DidYouMean is not defined'
end;end;
# Path: "test/cli/subprocess-plugin/permute.rb//plugin-generated|19.rbi":
module MSC;class << self;class C;
'Gem is not defined'
'DidYouMean is not defined'
end;end;end;
# Path: "test/cli/subprocess-plugin/permute.rb//plugin-generated|2.rbi":
class CMS;module M;
'Gem is not defined'
'DidYouMean is not defined'
end;end;
# Path: "test/cli/subprocess-plugin/permute.rb//plugin-generated|20.rbi":
class << self;
'Gem is not defined'
'DidYouMean is not defined'
end;
# Path: "test/cli/subprocess-plugin/permute.rb//plugin-generated|21.rbi":
class << self;
'Gem is not defined'
'DidYouMean is not defined'
end;
# Path: "test/cli/subprocess-plugin/permute.rb//plugin-generated|22.rbi":
class << self;module M;
'Gem is not defined'
'DidYouMean is not defined'
end;end;
# Path: "test/cli/subprocess-plugin/permute.rb//plugin-generated|23.rbi":
class << self;module M;
'Gem is not defined'
'DidYouMean is not defined'
end;end;
# Path: "test/cli/subprocess-plugin/permute.rb//plugin-generated|24.rbi":
class << self;module M;class C;
'Gem is not defined'
'DidYouMean is not defined'
end;end;end;
# Path: "test/cli/subprocess-plugin/permute.rb//plugin-generated|25.rbi":
class << self;
'Gem is not defined'
'DidYouMean is not defined'
end;
# Path: "test/cli/subprocess-plugin/permute.rb//plugin-generated|26.rbi":
class << self;
'Gem is not defined'
'DidYouMean is not defined'
end;
# Path: "test/cli/subprocess-plugin/permute.rb//plugin-generated|27.rbi":
class << self;module M;
'Gem is not defined'
'DidYouMean is not defined'
end;end;
# Path: "test/cli/subprocess-plugin/permute.rb//plugin-generated|28.rbi":
class << self;module M;
'Gem is not defined'
'DidYouMean is not defined'
end;end;
# Path: "test/cli/subprocess-plugin/permute.rb//plugin-generated|29.rbi":
class << self;module M;class C;
'Gem is not defined'
'DidYouMean is not defined'
end;end;end;
# Path: "test/cli/subprocess-plugin/permute.rb//plugin-generated|3.rbi":
class CMS;module M;
'Gem is not defined'
'DidYouMean is not defined'
end;end;
# Path: "test/cli/subprocess-plugin/permute.rb//plugin-generated|30.rbi":
class NestedReopen;class MCS::C;
'Gem is not defined'
'DidYouMean is not defined'
end;end;
# Path: "test/cli/subprocess-plugin/permute.rb//plugin-generated|31.rbi":
class NestedReopen;class ::MCS::C;
'Gem is not defined'
'DidYouMean is not defined'
end;end;
# Path: "test/cli/subprocess-plugin/permute.rb//plugin-generated|32.rbi":
module CMS::M;
'Gem is not defined'
'DidYouMean is not defined'
end;
# Path: "test/cli/subprocess-plugin/permute.rb//plugin-generated|33.rbi":
module CMS::M;class ::MCS::C;
'Gem is not defined'
'DidYouMean is not defined'
end;end;
# Path: "test/cli/subprocess-plugin/permute.rb//plugin-generated|34.rbi":
module ::CMS::M;
'Gem is not defined'
'DidYouMean is not defined'
end;
# Path: "test/cli/subprocess-plugin/permute.rb//plugin-generated|35.rbi":
module ::CMS::M;class C;
'Gem is not defined'
'DidYouMean is not defined'
end;end;
# Path: "test/cli/subprocess-plugin/permute.rb//plugin-generated|4.rbi":
class CMS;module M;class << self;
'Gem is not defined'
'DidYouMean is not defined'
end;end;end;
# Path: "test/cli/subprocess-plugin/permute.rb//plugin-generated|5.rbi":
class CSM;
'Gem is not defined'
'DidYouMean is not defined'
end;
# Path: "test/cli/subprocess-plugin/permute.rb//plugin-generated|6.rbi":
class CSM;
'Gem is not defined'
'DidYouMean is not defined'
end;
# Path: "test/cli/subprocess-plugin/permute.rb//plugin-generated|7.rbi":
class CSM;class << self;
'Gem is not defined'
'DidYouMean is not defined'
end;end;
# Path: "test/cli/subprocess-plugin/permute.rb//plugin-generated|8.rbi":
class CSM;class << self;
'Gem is not defined'
'DidYouMean is not defined'
end;end;
# Path: "test/cli/subprocess-plugin/permute.rb//plugin-generated|9.rbi":
class CSM;class << self;module M;
'Gem is not defined'
'DidYouMean is not defined'
end;end;end;
------ Multi file generated code
# Path: "test/cli/subprocess-plugin/multi1.rb//plugin-generated|0.rbi":
module Hi;
end;
# Path: "test/cli/subprocess-plugin/multi1.rb//plugin-generated|1.rbi":
module Hi;
end;
# Path: "test/cli/subprocess-plugin/multi1.rb//plugin-generated|2.rbi":
module Hi;class << self;
end;end;
# Path: "test/cli/subprocess-plugin/multi1.rb//plugin-generated|3.rbi":
module Hi;class << self;
end;end;
# Path: "test/cli/subprocess-plugin/multi1.rb//plugin-generated|4.rbi":
module Hi;class << self;class Hello;
end;end;end;
# Path: "test/cli/subprocess-plugin/multi2.rb//plugin-generated|0.rbi":
module Fish;
end;
# Path: "test/cli/subprocess-plugin/multi2.rb//plugin-generated|1.rbi":
module Fish;class << self;
end;end;
# Path: "test/cli/subprocess-plugin/multi3.rb//plugin-generated|0.rbi":
class Something;
end;
# Path: "test/cli/subprocess-plugin/multi3.rb//plugin-generated|1.rbi":
class Something;
end;
# Path: "test/cli/subprocess-plugin/multi3.rb//plugin-generated|2.rbi":
class Something;
end;
# Path: "test/cli/subprocess-plugin/multi4.rb//plugin-generated|0.rbi":
class Haze;
end;
# Path: "test/cli/subprocess-plugin/multi4.rb//plugin-generated|1.rbi":
class Haze;
end;
# Path: "test/cli/subprocess-plugin/multi5.rb//plugin-generated|0.rbi":
class Nope;
end;
# Path: "test/cli/subprocess-plugin/multi5.rb//plugin-generated|1.rbi":
class Nope;class << self;
end;end;
# Path: "test/cli/subprocess-plugin/multi6.rb//plugin-generated|0.rbi":
class Kick;
end;
# Path: "test/cli/subprocess-plugin/multi6.rb//plugin-generated|1.rbi":
class Kick;module Down;
end;end;
------ Multi file symbol table
class ::<root> < ::Object ()
  class ::<Class:<root>>[<AttachedClass>] < ::<Class:Object> ()
    method ::<Class:<root>>#<static-init> (<blk>) @ test/cli/subprocess-plugin/multi1.rb:3
      argument <blk><block> @ Loc {file=test/cli/subprocess-plugin/multi1.rb start=??? end=???}
    method ::<Class:<root>>#<static-init> (<blk>) @ test/cli/subprocess-plugin/multi1.rb//plugin-generated|0.rbi:1
      argument <blk><block> @ Loc {file=test/cli/subprocess-plugin/multi1.rb//plugin-generated|0.rbi start=??? end=???}
    method ::<Class:<root>>#<static-init> (<blk>) @ test/cli/subprocess-plugin/multi1.rb//plugin-generated|1.rbi:1
      argument <blk><block> @ Loc {file=test/cli/subprocess-plugin/multi1.rb//plugin-generated|1.rbi start=??? end=???}
    method ::<Class:<root>>#<static-init> (<blk>) @ test/cli/subprocess-plugin/multi1.rb//plugin-generated|2.rbi:1
      argument <blk><block> @ Loc {file=test/cli/subprocess-plugin/multi1.rb//plugin-generated|2.rbi start=??? end=???}
    method ::<Class:<root>>#<static-init> (<blk>) @ test/cli/subprocess-plugin/multi1.rb//plugin-generated|3.rbi:1
      argument <blk><block> @ Loc {file=test/cli/subprocess-plugin/multi1.rb//plugin-generated|3.rbi start=??? end=???}
    method ::<Class:<root>>#<static-init> (<blk>) @ test/cli/subprocess-plugin/multi1.rb//plugin-generated|4.rbi:1
      argument <blk><block> @ Loc {file=test/cli/subprocess-plugin/multi1.rb//plugin-generated|4.rbi start=??? end=???}
    method ::<Class:<root>>#<static-init> (<blk>) @ test/cli/subprocess-plugin/multi2.rb:3
      argument <blk><block> @ Loc {file=test/cli/subprocess-plugin/multi2.rb start=??? end=???}
    method ::<Class:<root>>#<static-init> (<blk>) @ test/cli/subprocess-plugin/multi2.rb//plugin-generated|0.rbi:1
      argument <blk><block> @ Loc {file=test/cli/subprocess-plugin/multi2.rb//plugin-generated|0.rbi start=??? end=???}
    method ::<Class:<root>>#<static-init> (<blk>) @ test/cli/subprocess-plugin/multi2.rb//plugin-generated|1.rbi:1
      argument <blk><block> @ Loc {file=test/cli/subprocess-plugin/multi2.rb//plugin-generated|1.rbi start=??? end=???}
    method ::<Class:<root>>#<static-init> (<blk>) @ test/cli/subprocess-plugin/multi3.rb:3
      argument <blk><block> @ Loc {file=test/cli/subprocess-plugin/multi3.rb start=??? end=???}
    method ::<Class:<root>>#<static-init> (<blk>) @ test/cli/subprocess-plugin/multi3.rb//plugin-generated|0.rbi:1
      argument <blk><block> @ Loc {file=test/cli/subprocess-plugin/multi3.rb//plugin-generated|0.rbi start=??? end=???}
    method ::<Class:<root>>#<static-init> (<blk>) @ test/cli/subprocess-plugin/multi3.rb//plugin-generated|1.rbi:1
      argument <blk><block> @ Loc {file=test/cli/subprocess-plugin/multi3.rb//plugin-generated|1.rbi start=??? end=???}
    method ::<Class:<root>>#<static-init> (<blk>) @ test/cli/subprocess-plugin/multi3.rb//plugin-generated|2.rbi:1
      argument <blk><block> @ Loc {file=test/cli/subprocess-plugin/multi3.rb//plugin-generated|2.rbi start=??? end=???}
    method ::<Class:<root>>#<static-init> (<blk>) @ test/cli/subprocess-plugin/multi4.rb:3
      argument <blk><block> @ Loc {file=test/cli/subprocess-plugin/multi4.rb start=??? end=???}
    method ::<Class:<root>>#<static-init> (<blk>) @ test/cli/subprocess-plugin/multi4.rb//plugin-generated|0.rbi:1
      argument <blk><block> @ Loc {file=test/cli/subprocess-plugin/multi4.rb//plugin-generated|0.rbi start=??? end=???}
    method ::<Class:<root>>#<static-init> (<blk>) @ test/cli/subprocess-plugin/multi4.rb//plugin-generated|1.rbi:1
      argument <blk><block> @ Loc {file=test/cli/subprocess-plugin/multi4.rb//plugin-generated|1.rbi start=??? end=???}
    method ::<Class:<root>>#<static-init> (<blk>) @ test/cli/subprocess-plugin/multi5.rb:3
      argument <blk><block> @ Loc {file=test/cli/subprocess-plugin/multi5.rb start=??? end=???}
    method ::<Class:<root>>#<static-init> (<blk>) @ test/cli/subprocess-plugin/multi5.rb//plugin-generated|0.rbi:1
      argument <blk><block> @ Loc {file=test/cli/subprocess-plugin/multi5.rb//plugin-generated|0.rbi start=??? end=???}
    method ::<Class:<root>>#<static-init> (<blk>) @ test/cli/subprocess-plugin/multi5.rb//plugin-generated|1.rbi:1
      argument <blk><block> @ Loc {file=test/cli/subprocess-plugin/multi5.rb//plugin-generated|1.rbi start=??? end=???}
    method ::<Class:<root>>#<static-init> (<blk>) @ test/cli/subprocess-plugin/multi6.rb:3
      argument <blk><block> @ Loc {file=test/cli/subprocess-plugin/multi6.rb start=??? end=???}
    method ::<Class:<root>>#<static-init> (<blk>) @ test/cli/subprocess-plugin/multi6.rb//plugin-generated|0.rbi:1
      argument <blk><block> @ Loc {file=test/cli/subprocess-plugin/multi6.rb//plugin-generated|0.rbi start=??? end=???}
    method ::<Class:<root>>#<static-init> (<blk>) @ test/cli/subprocess-plugin/multi6.rb//plugin-generated|1.rbi:1
      argument <blk><block> @ Loc {file=test/cli/subprocess-plugin/multi6.rb//plugin-generated|1.rbi start=??? end=???}
  module ::Fish < ::Sorbet::Private::Static::ImplicitModuleSuperclass () @ (test/cli/subprocess-plugin/multi2.rb//plugin-generated|0.rbi:1, test/cli/subprocess-plugin/multi2.rb//plugin-generated|1.rbi:1, test/cli/subprocess-plugin/multi2.rb:3)
    method ::Fish#foo (<blk>) @ test/cli/subprocess-plugin/multi2.rb//plugin-generated|0.rbi:2
      argument <blk><block> @ Loc {file=test/cli/subprocess-plugin/multi2.rb//plugin-generated|0.rbi start=??? end=???}
  class ::<Class:Fish>[<AttachedClass>] < ::Module () @ (test/cli/subprocess-plugin/multi2.rb//plugin-generated|1.rbi:1, test/cli/subprocess-plugin/multi2.rb:5)
    type-member(+) ::<Class:Fish>::<AttachedClass> -> T.attached_class (of Fish) @ test/cli/subprocess-plugin/multi2.rb:3
    method ::<Class:Fish>#<static-init> (<blk>) @ test/cli/subprocess-plugin/multi2.rb:3
      argument <blk><block> @ Loc {file=test/cli/subprocess-plugin/multi2.rb start=??? end=???}
    static-field ::<Class:Fish>::Fish -> TrueClass @ test/cli/subprocess-plugin/multi2.rb//plugin-generated|1.rbi:3
    method ::<Class:Fish>#fish (<blk>) @ test/cli/subprocess-plugin/multi2.rb//plugin-generated|1.rbi:2
      argument <blk><block> @ Loc {file=test/cli/subprocess-plugin/multi2.rb//plugin-generated|1.rbi start=??? end=???}
  class ::<Class:<Class:Fish>>[<AttachedClass>] < ::<Class:Module> () @ test/cli/subprocess-plugin/multi2.rb:5
    type-member(+) ::<Class:<Class:Fish>>::<AttachedClass> -> T.attached_class (of T.class_of(Fish)) @ test/cli/subprocess-plugin/multi2.rb:5
    method ::<Class:<Class:Fish>>#<static-init> (<blk>) @ test/cli/subprocess-plugin/multi2.rb:5
      argument <blk><block> @ Loc {file=test/cli/subprocess-plugin/multi2.rb start=??? end=???}
  class ::Haze < ::Object () @ (test/cli/subprocess-plugin/multi4.rb//plugin-generated|0.rbi:1, test/cli/subprocess-plugin/multi4.rb//plugin-generated|1.rbi:1, test/cli/subprocess-plugin/multi4.rb:3)
    static-field ::Haze::Lion -> TrueClass @ test/cli/subprocess-plugin/multi4.rb//plugin-generated|1.rbi:3
    method ::Haze#bar (<blk>) @ test/cli/subprocess-plugin/multi4.rb//plugin-generated|0.rbi:2
      argument <blk><block> @ Loc {file=test/cli/subprocess-plugin/multi4.rb//plugin-generated|0.rbi start=??? end=???}
    method ::Haze#lion (<blk>) @ test/cli/subprocess-plugin/multi4.rb//plugin-generated|1.rbi:2
      argument <blk><block> @ Loc {file=test/cli/subprocess-plugin/multi4.rb//plugin-generated|1.rbi start=??? end=???}
  class ::<Class:Haze>[<AttachedClass>] < ::<Class:Object> () @ test/cli/subprocess-plugin/multi4.rb:3
    type-member(+) ::<Class:Haze>::<AttachedClass> -> T.attached_class (of Haze) @ test/cli/subprocess-plugin/multi4.rb:3
    method ::<Class:Haze>#<static-init> (<blk>) @ test/cli/subprocess-plugin/multi4.rb:3
      argument <blk><block> @ Loc {file=test/cli/subprocess-plugin/multi4.rb start=??? end=???}
  module ::Hi < ::Sorbet::Private::Static::ImplicitModuleSuperclass () @ (test/cli/subprocess-plugin/multi1.rb//plugin-generated|0.rbi:1, test/cli/subprocess-plugin/multi1.rb//plugin-generated|1.rbi:1, test/cli/subprocess-plugin/multi1.rb//plugin-generated|2.rbi:1, test/cli/subprocess-plugin/multi1.rb//plugin-generated|3.rbi:1, test/cli/subprocess-plugin/multi1.rb//plugin-generated|4.rbi:1, test/cli/subprocess-plugin/multi1.rb:15)
    static-field ::Hi::Bird -> TrueClass @ test/cli/subprocess-plugin/multi1.rb//plugin-generated|0.rbi:3
    static-field ::Hi::Penguin -> TrueClass @ test/cli/subprocess-plugin/multi1.rb//plugin-generated|1.rbi:3
    method ::Hi#bird (<blk>) @ test/cli/subprocess-plugin/multi1.rb//plugin-generated|0.rbi:2
      argument <blk><block> @ Loc {file=test/cli/subprocess-plugin/multi1.rb//plugin-generated|0.rbi start=??? end=???}
    method ::Hi#penguin (<blk>) @ test/cli/subprocess-plugin/multi1.rb//plugin-generated|1.rbi:2
      argument <blk><block> @ Loc {file=test/cli/subprocess-plugin/multi1.rb//plugin-generated|1.rbi start=??? end=???}
  class ::<Class:Hi>[<AttachedClass>] < ::Module () @ (test/cli/subprocess-plugin/multi1.rb//plugin-generated|2.rbi:1, test/cli/subprocess-plugin/multi1.rb//plugin-generated|3.rbi:1, test/cli/subprocess-plugin/multi1.rb//plugin-generated|4.rbi:1, test/cli/subprocess-plugin/multi1.rb:17)
    type-member(+) ::<Class:Hi>::<AttachedClass> -> T.attached_class (of Hi) @ test/cli/subprocess-plugin/multi1.rb:15
    method ::<Class:Hi>#<static-init> (<blk>) @ test/cli/subprocess-plugin/multi1.rb:15
      argument <blk><block> @ Loc {file=test/cli/subprocess-plugin/multi1.rb start=??? end=???}
    static-field ::<Class:Hi>::Cat -> TrueClass @ test/cli/subprocess-plugin/multi1.rb//plugin-generated|3.rbi:3
    static-field ::<Class:Hi>::Fish -> TrueClass @ test/cli/subprocess-plugin/multi1.rb//plugin-generated|2.rbi:3
    class ::<Class:Hi>::Hello < ::Object () @ (test/cli/subprocess-plugin/multi1.rb//plugin-generated|4.rbi:1, test/cli/subprocess-plugin/multi1.rb:19)
      static-field ::<Class:Hi>::Hello::Rabbit -> TrueClass @ test/cli/subprocess-plugin/multi1.rb//plugin-generated|4.rbi:3
      method ::<Class:Hi>::Hello#rabbit (<blk>) @ test/cli/subprocess-plugin/multi1.rb//plugin-generated|4.rbi:2
        argument <blk><block> @ Loc {file=test/cli/subprocess-plugin/multi1.rb//plugin-generated|4.rbi start=??? end=???}
    class ::<Class:Hi>::<Class:Hello>[<AttachedClass>] < ::<Class:Object> () @ test/cli/subprocess-plugin/multi1.rb:19
      type-member(+) ::<Class:Hi>::<Class:Hello>::<AttachedClass> -> T.attached_class (of T.class_of(Hi)::Hello) @ test/cli/subprocess-plugin/multi1.rb:19
      method ::<Class:Hi>::<Class:Hello>#<static-init> (<blk>) @ test/cli/subprocess-plugin/multi1.rb:19
        argument <blk><block> @ Loc {file=test/cli/subprocess-plugin/multi1.rb start=??? end=???}
    method ::<Class:Hi>#cat (<blk>) @ test/cli/subprocess-plugin/multi1.rb//plugin-generated|3.rbi:2
      argument <blk><block> @ Loc {file=test/cli/subprocess-plugin/multi1.rb//plugin-generated|3.rbi start=??? end=???}
    method ::<Class:Hi>#fish (<blk>) @ test/cli/subprocess-plugin/multi1.rb//plugin-generated|2.rbi:2
      argument <blk><block> @ Loc {file=test/cli/subprocess-plugin/multi1.rb//plugin-generated|2.rbi start=??? end=???}
  class ::<Class:<Class:Hi>>[<AttachedClass>] < ::<Class:Module> () @ test/cli/subprocess-plugin/multi1.rb:17
    type-member(+) ::<Class:<Class:Hi>>::<AttachedClass> -> T.attached_class (of T.class_of(Hi)) @ test/cli/subprocess-plugin/multi1.rb:17
    method ::<Class:<Class:Hi>>#<static-init> (<blk>) @ test/cli/subprocess-plugin/multi1.rb:17
      argument <blk><block> @ Loc {file=test/cli/subprocess-plugin/multi1.rb start=??? end=???}
  class ::Kick < ::Object () @ (test/cli/subprocess-plugin/multi6.rb//plugin-generated|0.rbi:1, test/cli/subprocess-plugin/multi6.rb//plugin-generated|1.rbi:1, test/cli/subprocess-plugin/multi6.rb:3)
    module ::Kick::Down < ::Sorbet::Private::Static::ImplicitModuleSuperclass () @ (test/cli/subprocess-plugin/multi6.rb//plugin-generated|1.rbi:1, test/cli/subprocess-plugin/multi6.rb:4)
      static-field ::Kick::Down::Whale -> TrueClass @ test/cli/subprocess-plugin/multi6.rb//plugin-generated|1.rbi:3
      method ::Kick::Down#whale (<blk>) @ test/cli/subprocess-plugin/multi6.rb//plugin-generated|1.rbi:2
        argument <blk><block> @ Loc {file=test/cli/subprocess-plugin/multi6.rb//plugin-generated|1.rbi start=??? end=???}
    class ::Kick::<Class:Down>[<AttachedClass>] < ::Module () @ test/cli/subprocess-plugin/multi6.rb:4
      type-member(+) ::Kick::<Class:Down>::<AttachedClass> -> T.attached_class (of Kick::Down) @ test/cli/subprocess-plugin/multi6.rb:4
      method ::Kick::<Class:Down>#<static-init> (<blk>) @ test/cli/subprocess-plugin/multi6.rb:4
        argument <blk><block> @ Loc {file=test/cli/subprocess-plugin/multi6.rb start=??? end=???}
    method ::Kick#baz (<blk>) -> Integer @ test/cli/subprocess-plugin/multi6.rb//plugin-generated|0.rbi:3
      argument <blk><block> -> T.untyped @ Loc {file=test/cli/subprocess-plugin/multi6.rb//plugin-generated|0.rbi start=??? end=???}
  class ::<Class:Kick>[<AttachedClass>] < ::<Class:Object> () @ test/cli/subprocess-plugin/multi6.rb:3
    type-member(+) ::<Class:Kick>::<AttachedClass> -> T.attached_class (of Kick) @ test/cli/subprocess-plugin/multi6.rb:3
    method ::<Class:Kick>#<static-init> (<blk>) @ test/cli/subprocess-plugin/multi6.rb:3
      argument <blk><block> @ Loc {file=test/cli/subprocess-plugin/multi6.rb start=??? end=???}
  class ::Nope < ::Object () @ (test/cli/subprocess-plugin/multi5.rb//plugin-generated|0.rbi:1, test/cli/subprocess-plugin/multi5.rb//plugin-generated|1.rbi:1, test/cli/subprocess-plugin/multi5.rb:3)
    method ::Nope#foo (<blk>) @ test/cli/subprocess-plugin/multi5.rb//plugin-generated|0.rbi:2
      argument <blk><block> @ Loc {file=test/cli/subprocess-plugin/multi5.rb//plugin-generated|0.rbi start=??? end=???}
  class ::<Class:Nope>[<AttachedClass>] < ::<Class:Object> () @ (test/cli/subprocess-plugin/multi5.rb//plugin-generated|1.rbi:1, test/cli/subprocess-plugin/multi5.rb:4)
    type-member(+) ::<Class:Nope>::<AttachedClass> -> T.attached_class (of Nope) @ test/cli/subprocess-plugin/multi5.rb:3
    method ::<Class:Nope>#<static-init> (<blk>) @ test/cli/subprocess-plugin/multi5.rb:3
      argument <blk><block> @ Loc {file=test/cli/subprocess-plugin/multi5.rb start=??? end=???}
    static-field ::<Class:Nope>::Whale -> TrueClass @ test/cli/subprocess-plugin/multi5.rb//plugin-generated|1.rbi:3
    method ::<Class:Nope>#whale (<blk>) @ test/cli/subprocess-plugin/multi5.rb//plugin-generated|1.rbi:2
      argument <blk><block> @ Loc {file=test/cli/subprocess-plugin/multi5.rb//plugin-generated|1.rbi start=??? end=???}
  class ::<Class:<Class:Nope>>[<AttachedClass>] < ::<Class:<Class:Object>> () @ test/cli/subprocess-plugin/multi5.rb:4
    type-member(+) ::<Class:<Class:Nope>>::<AttachedClass> -> T.attached_class (of T.class_of(Nope)) @ test/cli/subprocess-plugin/multi5.rb:4
    method ::<Class:<Class:Nope>>#<static-init> (<blk>) @ test/cli/subprocess-plugin/multi5.rb:4
      argument <blk><block> @ Loc {file=test/cli/subprocess-plugin/multi5.rb start=??? end=???}
  class ::Object < ::BasicObject (Kernel) @ https://github.com/sorbet/sorbet/tree/master/rbi/core/object.rbi#L27
    method ::Object#bar_gen : private (<blk>) @ test/cli/subprocess-plugin/multi1.rb:9
      argument <blk><block> @ Loc {file=test/cli/subprocess-plugin/multi1.rb start=??? end=???}
    method ::Object#baz_gen : private (<blk>) @ test/cli/subprocess-plugin/multi1.rb:12
      argument <blk><block> @ Loc {file=test/cli/subprocess-plugin/multi1.rb start=??? end=???}
    method ::Object#foo_gen : private (<blk>) @ test/cli/subprocess-plugin/multi1.rb:6
      argument <blk><block> @ Loc {file=test/cli/subprocess-plugin/multi1.rb start=??? end=???}
    method ::Object#gen : private (_arg, <blk>) @ test/cli/subprocess-plugin/multi1.rb:3
      argument _arg<> @ Loc {file=test/cli/subprocess-plugin/multi1.rb start=3:9 end=3:13}
      argument <blk><block> @ Loc {file=test/cli/subprocess-plugin/multi1.rb start=??? end=???}
  class ::Something < ::Object () @ (test/cli/subprocess-plugin/multi3.rb//plugin-generated|0.rbi:1, test/cli/subprocess-plugin/multi3.rb//plugin-generated|1.rbi:1, test/cli/subprocess-plugin/multi3.rb//plugin-generated|2.rbi:1, test/cli/subprocess-plugin/multi3.rb:3)
    static-field ::Something::Camel -> TrueClass @ test/cli/subprocess-plugin/multi3.rb//plugin-generated|2.rbi:3
    method ::Something#bar (<blk>) @ test/cli/subprocess-plugin/multi3.rb//plugin-generated|0.rbi:2
      argument <blk><block> @ Loc {file=test/cli/subprocess-plugin/multi3.rb//plugin-generated|0.rbi start=??? end=???}
    method ::Something#camel (<blk>) @ test/cli/subprocess-plugin/multi3.rb//plugin-generated|2.rbi:2
      argument <blk><block> @ Loc {file=test/cli/subprocess-plugin/multi3.rb//plugin-generated|2.rbi start=??? end=???}
    method ::Something#foo (<blk>) @ test/cli/subprocess-plugin/multi3.rb//plugin-generated|1.rbi:2
      argument <blk><block> @ Loc {file=test/cli/subprocess-plugin/multi3.rb//plugin-generated|1.rbi start=??? end=???}
  class ::<Class:Something>[<AttachedClass>] < ::<Class:Object> () @ test/cli/subprocess-plugin/multi3.rb:3
    type-member(+) ::<Class:Something>::<AttachedClass> -> T.attached_class (of Something) @ test/cli/subprocess-plugin/multi3.rb:3
    method ::<Class:Something>#<static-init> (<blk>) @ test/cli/subprocess-plugin/multi3.rb:3
      argument <blk><block> @ Loc {file=test/cli/subprocess-plugin/multi3.rb start=??? end=???}

------ Bad plugin output on single file
test/cli/subprocess-plugin/trigger_bad_plugin.rb//plugin-generated|0.rbi:2: unexpected token "end" https://srb.help/2001
     2 |end end end end
            ^^^
Errors: 1
------ Bad plugin output on many files
