test/cli/constant-fuzzy/constant-fuzzy.rb:3: Unable to resolve constant `Yieldr` https://srb.help/5002
     3 |Yieldr.foo(Intege, Int)
        ^^^^^^
  Autocorrect: Use `-a` to autocorrect
    test/cli/constant-fuzzy/constant-fuzzy.rb:3: Replace with `Enumerator::Yielder`
     3 |Yieldr.foo(Intege, Int)
        ^^^^^^
  Autocorrect: Use `-a` to autocorrect
    test/cli/constant-fuzzy/constant-fuzzy.rb:3: Replace with `Shell`
     3 |Yieldr.foo(Intege, Int)
        ^^^^^^
  Autocorrect: Use `-a` to autocorrect
    test/cli/constant-fuzzy/constant-fuzzy.rb:3: Replace with `Ripper`
     3 |Yieldr.foo(Intege, Int)
        ^^^^^^
    https://github.com/sorbet/sorbet/tree/master/rbi/core/enumerator.rbi#L749: Did you mean: `Enumerator::Yielder`?
     749 |class Enumerator::Yielder < Object
          ^^^^^^^^^^^^^^^^^^^^^^^^^^^^^^^^^^
    https://github.com/sorbet/sorbet/tree/master/rbi/stdlib/shell.rbi#L77: Did you mean: `Shell`?
    77 |class Shell
        ^^^^^^^^^^^
    https://github.com/sorbet/sorbet/tree/master/rbi/stdlib/ripper.rbi#L78: Did you mean: `Ripper`?
    78 |class Ripper
        ^^^^^^^^^^^^

test/cli/constant-fuzzy/constant-fuzzy.rb:3: Unable to resolve constant `Intege` https://srb.help/5002
     3 |Yieldr.foo(Intege, Int)
                   ^^^^^^
  Autocorrect: Use `-a` to autocorrect
    test/cli/constant-fuzzy/constant-fuzzy.rb:3: Replace with `Date`
     3 |Yieldr.foo(Intege, Int)
                   ^^^^^^
  Autocorrect: Use `-a` to autocorrect
    test/cli/constant-fuzzy/constant-fuzzy.rb:3: Replace with `Integer`
     3 |Yieldr.foo(Intege, Int)
                   ^^^^^^
    https://github.com/sorbet/sorbet/tree/master/rbi/stdlib/date.rbi#L159: Did you mean: `Date`?
     159 |class Date
          ^^^^^^^^^^
    https://github.com/sorbet/sorbet/tree/master/rbi/core/integer.rbi#L8: Did you mean: `Integer`?
     8 |class Integer < Numeric
        ^^^^^^^^^^^^^^^^^^^^^^^

test/cli/constant-fuzzy/constant-fuzzy.rb:3: Unable to resolve constant `Int` https://srb.help/5002
     3 |Yieldr.foo(Intege, Int)
                           ^^^
  Autocorrect: Use `-a` to autocorrect
    test/cli/constant-fuzzy/constant-fuzzy.rb:3: Replace with `IRB`
     3 |Yieldr.foo(Intege, Int)
                           ^^^
  Autocorrect: Use `-a` to autocorrect
    test/cli/constant-fuzzy/constant-fuzzy.rb:3: Replace with `IO`
     3 |Yieldr.foo(Intege, Int)
                           ^^^
  Autocorrect: Use `-a` to autocorrect
    test/cli/constant-fuzzy/constant-fuzzy.rb:3: Replace with `Net`
     3 |Yieldr.foo(Intege, Int)
                           ^^^
    https://github.com/sorbet/sorbet/tree/master/rbi/stdlib/irb.rbi#L371: Did you mean: `IRB`?
     371 |module IRB
          ^^^^^^^^^^
    https://github.com/sorbet/sorbet/tree/master/rbi/core/io.rbi#L116: Did you mean: `IO`?
     116 |class IO < Object
          ^^^^^^^^^^^^^^^^^
    https://github.com/sorbet/sorbet/tree/master/rbi/stdlib/net.rbi#L3: Did you mean: `Net`?
     3 |module Net
        ^^^^^^^^^^

test/cli/constant-fuzzy/constant-fuzzy.rb:7: Unable to resolve constant `Constant` https://srb.help/5002
     7 |module A::B; Constant; end
                     ^^^^^^^^
  Autocorrect: Use `-a` to autocorrect
    test/cli/constant-fuzzy/constant-fuzzy.rb:7: Replace with `A::Constant`
     7 |module A::B; Constant; end
                     ^^^^^^^^
    test/cli/constant-fuzzy/constant-fuzzy.rb:5: Did you mean: `A::Constant`?
     5 |module A; Constant = 1; end;
                  ^^^^^^^^
Errors: 4
