test/cli/make_accessible/suit.rb:17: Method `spades` does not exist on `T.class_of(Suit)` https://srb.help/7003
    17 |Suit.spades
        ^^^^^^^^^^^
  Note:
    If this method is generated by Chalk::Tools::Accessible, you may need to re-generate the .rbi. Try running:
  scripts/bin/remote-script sorbet/shim_generation/make_accessible.rb ::Suit
Errors: 1
