-e:2: unexpected token "end of file" https://srb.help/2001
     2 |# typed: true
                    ^
Errors: 1
0
