kwarg-loc.rb:17: Expected `Integer` but found `String("1")` for argument `d` https://srb.help/7002
    17 |  a: 1,
    18 |  b: 1,
    19 |  c: 1,
    20 |  d: "1",
    21 |  e: 1,
    22 |  f: 1,
    kwarg-loc.rb:8: Method `Object#foo` has specified `d` as `Integer`
     8 |    d: Integer,
            ^
  Got String("1") originating from:
    kwarg-loc.rb:17:
    17 |  a: 1,
    18 |  b: 1,
    19 |  c: 1,
    20 |  d: "1",
    21 |  e: 1,
    22 |  f: 1,

kwarg-loc.rb:42: Expected `Integer` but found `String("1")` for argument `d` https://srb.help/7002
    42 |  "1",
          ^^^
    kwarg-loc.rb:30: Method `Object#bar` has specified `d` as `Integer`
    30 |    d: Integer,
            ^
  Got String("1") originating from:
    kwarg-loc.rb:42:
    42 |  "1",
          ^^^
Errors: 2
