Content-Length: 462

{"jsonrpc":"2.0","id":0,"requestMethod":"initialize","result":{"capabilities":{"textDocumentSync":1,"hoverProvider":true,"completionProvider":{"triggerCharacters":["."]},"definitionProvider":true,"typeDefinitionProvider":true,"referencesProvider":true,"documentHighlightProvider":false,"documentSymbolProvider":false,"workspaceSymbolProvider":true,"codeActionProvider":{"codeActionKinds":["quickfix","source.fixAll.sorbet"]},"documentFormattingProvider":false}}}Content-Length: 65

{"jsonrpc":"2.0","id":1,"requestMethod":"shutdown","result":null}