test/cli/escaping/escaping.rb:10: Expected `Integer` but found `String("\n")` for argument `a` https://srb.help/7002
    10 |'
    11 |'
    test/cli/escaping/escaping.rb:4: Method `Object#foo` has specified `a` as `Integer`
     4 |sig{params(a: Integer).void}
                   ^
  Got String("\n") originating from:
    test/cli/escaping/escaping.rb:10:
    10 |'
    11 |'
Errors: 1
