test/cli/error-blacklist/error-blacklist.rb:3: Expected `Integer` but found `String("1")` for argument `arg0` https://srb.help/7002
     3 |1 + "1"
            ^^^
    https://github.com/sorbet/sorbet/tree/master/rbi/core/integer.rbi#L148: Method `Integer#+` has specified `arg0` as `Integer`
     148 |        arg0: Integer,
                  ^^^^
  Got String("1") originating from:
    test/cli/error-blacklist/error-blacklist.rb:3:
     3 |1 + "1"
            ^^^

test/cli/error-blacklist/error-blacklist.rb:4: Useless cast: inferred type `Integer(1)` is already a subtype of `T.nilable(Integer)` https://srb.help/7015
     4 |T.cast(1, T.nilable(Integer))
        ^^^^^^^^^^^^^^^^^^^^^^^^^^^^^
Errors: 2
test/cli/error-blacklist/error-blacklist.rb:4: Useless cast: inferred type `Integer(1)` is already a subtype of `T.nilable(Integer)` https://srb.help/7015
     4 |T.cast(1, T.nilable(Integer))
        ^^^^^^^^^^^^^^^^^^^^^^^^^^^^^
Errors: 1
