--- autogen.txt start ---
# ParsedFile: test/cli/print_to_file/a.rb
requires: []
## defs:
[def id=0]
 type=module
 defines_behavior=0
 is_empty=0
[def id=1]
 type=module
 defines_behavior=0
 is_empty=0
 defining_ref=[A]
[def id=2]
 type=class
 defines_behavior=0
 is_empty=1
 defining_ref=[Foo]
## refs:
[ref id=0]
 scope=[]
 name=[A]
 nesting=[]
 resolved=[A]
 loc=test/cli/print_to_file/a.rb:3
 is_defining_ref=1
[ref id=1]
 scope=[A]
 name=[Foo]
 nesting=[[A]]
 resolved=[A Foo]
 loc=test/cli/print_to_file/a.rb:4
 is_defining_ref=1
# ParsedFile: test/cli/print_to_file/b.rb
requires: []
## defs:
[def id=0]
 type=module
 defines_behavior=0
 is_empty=0
[def id=1]
 type=module
 defines_behavior=0
 is_empty=0
 defining_ref=[B]
[def id=2]
 type=class
 defines_behavior=0
 is_empty=1
 defining_ref=[Bar]
## refs:
[ref id=0]
 scope=[]
 name=[B]
 nesting=[]
 resolved=[B]
 loc=test/cli/print_to_file/b.rb:3
 is_defining_ref=1
[ref id=1]
 scope=[B]
 name=[Bar]
 nesting=[[B]]
 resolved=[B Bar]
 loc=test/cli/print_to_file/b.rb:4
 is_defining_ref=1
# ParsedFile: test/cli/print_to_file/c.rb
requires: []
## defs:
[def id=0]
 type=module
 defines_behavior=0
 is_empty=0
[def id=1]
 type=module
 defines_behavior=0
 is_empty=0
 defining_ref=[C]
[def id=2]
 type=class
 defines_behavior=0
 is_empty=1
 defining_ref=[Bar]
[def id=3]
 type=class
 defines_behavior=1
 is_empty=0
 defining_ref=[BarChild]
 parent_ref=[Bar]
[def id=4]
 type=module
 defines_behavior=1
 is_empty=0
 defining_ref=[TestExtend]
## refs:
[ref id=0]
 scope=[]
 name=[C]
 nesting=[]
 resolved=[C]
 loc=test/cli/print_to_file/c.rb:3
 is_defining_ref=1
[ref id=1]
 scope=[C]
 name=[Bar]
 nesting=[[C]]
 resolved=[C Bar]
 loc=test/cli/print_to_file/c.rb:4
 is_defining_ref=1
[ref id=2]
 scope=[C]
 name=[BarChild]
 nesting=[[C]]
 resolved=[C BarChild]
 loc=test/cli/print_to_file/c.rb:6
 is_defining_ref=1
[ref id=3]
 scope=[C]
 name=[Bar]
 nesting=[[C]]
 resolved=[C Bar]
 loc=test/cli/print_to_file/c.rb:6
 is_defining_ref=0
 parent_of=[C BarChild]
[ref id=4]
 scope=[]
 name=[X]
 nesting=[]
 resolved=[]
 loc=test/cli/print_to_file/c.rb:7
 is_defining_ref=0
 parent_of=[C BarChild]
[ref id=5]
 scope=[]
 name=[InMethodX]
 nesting=[]
 resolved=[]
 loc=test/cli/print_to_file/c.rb:9
 is_defining_ref=0
[ref id=6]
 scope=[C]
 name=[TestExtend]
 nesting=[[C]]
 resolved=[C TestExtend]
 loc=test/cli/print_to_file/c.rb:13
 is_defining_ref=1
[ref id=7]
 scope=[]
 name=[Y]
 nesting=[]
 resolved=[]
 loc=test/cli/print_to_file/c.rb:14
 is_defining_ref=0
[ref id=8]
 scope=[]
 name=[InMethodY]
 nesting=[]
 resolved=[]
 loc=test/cli/print_to_file/c.rb:16
 is_defining_ref=0
[ref id=9]
 scope=[]
 name=[ViaMethod]
 nesting=[]
 resolved=[]
 loc=test/cli/print_to_file/c.rb:19
 is_defining_ref=0
# ParsedFile: test/cli/print_to_file/d.rb
requires: []
## defs:
[def id=0]
 type=module
 defines_behavior=0
 is_empty=0
[def id=1]
 type=module
 defines_behavior=0
 is_empty=1
 defining_ref=[MyMixin]
[def id=2]
 type=class
 defines_behavior=1
 is_empty=0
 defining_ref=[MyClass]
[def id=3]
 type=alias
 defines_behavior=1
 is_empty=0
 defining_ref=[X]
 aliased_ref=[Y]
## refs:
[ref id=0]
 scope=[]
 name=[MyMixin]
 nesting=[]
 resolved=[MyMixin]
 loc=test/cli/print_to_file/d.rb:3
 is_defining_ref=1
[ref id=1]
 scope=[]
 name=[MyClass]
 nesting=[]
 resolved=[MyClass]
 loc=test/cli/print_to_file/d.rb:4
 is_defining_ref=1
[ref id=2]
 scope=[MyClass]
 name=[MyMixin]
 nesting=[[MyClass]]
 resolved=[MyMixin]
 loc=test/cli/print_to_file/d.rb:6
 is_defining_ref=0
 parent_of=[MyClass]
[ref id=3]
 scope=[MyClass]
 name=[X]
 nesting=[[MyClass]]
 resolved=[MyClass X]
 loc=test/cli/print_to_file/d.rb:5
 is_defining_ref=1
[ref id=4]
 scope=[MyClass]
 name=[Y]
 nesting=[[MyClass]]
 resolved=[]
 loc=test/cli/print_to_file/d.rb:5
 is_defining_ref=0
--- autogen.txt end ---

304d23737beec8076d49ec970a5d6b85c940b9c6  autogen.msgpack

--print=cfg specified multiple times with inconsistent output options
