No errors! Great job.
 "status": "Success",
------------------------------
No errors! Great job.
Cannot write metrics file at `foo/bar/metrics2.json`
------------------------------
No errors! Great job.
Cannot write metrics file at `baz/metrics3.json`
------------------------------
No errors! Great job.
   "name": "ruby_typer.unknown..types.input.files",
   "value": 1
   "name": "ruby_typer.unknown..types.input.files.sigil.true",
   "value": 1
   "name": "ruby_typer.unknown..types.input.modules.total",
   "value": 1
   "name": "ruby_typer.unknown..types.input.classes.total",
   "value": 5
   "name": "ruby_typer.unknown..types.input.singleton_classes.total",
   "value": 3
   "name": "ruby_typer.unknown..types.input.methods.total",
   "value": 8
------------------------------
No errors! Great job.
No error metrics reported.
